this is a update version 1.0
this is a update version 2.0
this is a version 3.0
this is a version 4.0
阿里巴巴代码代码块
分线二
分线二
分线二
分线二
分线二
分线二
分线二
分线二
分线二
阿里巴巴代码块
